[2026-05-11T09:41:53.171Z] Digitimes: fetched 40 candidate news items
[2026-05-11T09:41:53.701Z] 商周: fetched 40 candidate news items
[2026-05-11T09:41:54.216Z] 經濟日報: fetched 40 candidate news items
[2026-05-11T09:41:55.185Z] 永豐金證券: fetched 15 candidate news items
[2026-05-11T09:41:55.676Z] FTNN新聞網: fetched 31 candidate news items
[2026-05-11T09:41:55.944Z] TrendForce: fetched 40 candidate news items
[2026-05-11T09:42:34.639Z] Digitimes: fetched 40 candidate news items
[2026-05-11T09:42:35.025Z] 商周: fetched 40 candidate news items
[2026-05-11T09:42:35.650Z] 經濟日報: fetched 40 candidate news items
[2026-05-11T09:42:36.550Z] 永豐金證券: fetched 15 candidate news items
[2026-05-11T09:42:37.057Z] FTNN新聞網: fetched 31 candidate news items
[2026-05-11T09:42:37.365Z] TrendForce: fetched 40 candidate news items
[2026-05-11T10:06:31.740Z] Digitimes: fetched 120 candidate news items
[2026-05-11T10:06:32.338Z] 商周: fetched 113 candidate news items
[2026-05-11T10:06:32.861Z] 經濟日報: fetched 75 candidate news items
[2026-05-11T10:06:33.367Z] 經濟日報即時: fetched 71 candidate news items
[2026-05-11T10:06:34.364Z] 永豐金證券: fetched 25 candidate news items
[2026-05-11T10:06:34.874Z] FTNN新聞網: fetched 33 candidate news items
[2026-05-11T10:06:35.229Z] TrendForce: fetched 66 candidate news items
[2026-05-11T10:06:35.483Z] 科技新報: fetched 120 candidate news items
[2026-05-11T10:07:42.102Z] Digitimes: fetched 120 candidate news items
[2026-05-11T10:07:42.676Z] 商周: fetched 113 candidate news items
[2026-05-11T10:07:43.306Z] 經濟日報: fetched 75 candidate news items
[2026-05-11T10:07:43.860Z] 經濟日報即時: fetched 71 candidate news items
[2026-05-11T10:07:44.750Z] 永豐金證券: fetched 25 candidate news items
[2026-05-11T10:07:45.219Z] FTNN新聞網: fetched 33 candidate news items
[2026-05-11T10:07:45.781Z] TrendForce: fetched 66 candidate news items
[2026-05-11T10:07:45.938Z] 科技新報: fetched 120 candidate news items
[2026-05-11T10:07:45.994Z] 科技新報: watched URL fetched - 味之素確認 ABF 漲價開始，外資維持欣興、南電正面評價
[2026-05-11T10:07:46.301Z] 經濟日報: watched URL fetched - 外資：味之素確認 ABF 漲價開始 欣興及南電正面評價不變 | 市場焦點 | 證券 | 經濟日報
[2026-05-11T17:32:22.281Z] Digitimes: fetched 120 candidate news items
[2026-05-11T17:32:22.820Z] 商周: fetched 113 candidate news items
[2026-05-11T17:32:23.149Z] 經濟日報: fetched 66 candidate news items
[2026-05-11T17:32:23.551Z] 經濟日報即時: fetched 63 candidate news items
[2026-05-11T17:32:24.366Z] 永豐金證券: fetched 25 candidate news items
[2026-05-11T17:32:24.615Z] FTNN新聞網: fetched 32 candidate news items
[2026-05-11T17:32:24.897Z] TrendForce: fetched 66 candidate news items
[2026-05-11T17:32:25.041Z] 科技新報: fetched 120 candidate news items
[2026-05-11T17:32:25.809Z] CMoney: fetched 7 candidate news items
[2026-05-11T17:32:25.922Z] 科技新報: watched URL fetched - 味之素確認 ABF 漲價開始，外資維持欣興、南電正面評價
[2026-05-11T17:32:26.055Z] 經濟日報: watched URL fetched - 外資：味之素確認 ABF 漲價開始 欣興及南電正面評價不變 | 市場焦點 | 證券 | 經濟日報
[2026-05-11T17:33:23.533Z] Digitimes: fetched 120 candidate news items
[2026-05-11T17:33:24.010Z] 商周: fetched 113 candidate news items
[2026-05-11T17:33:24.333Z] 經濟日報: fetched 66 candidate news items
[2026-05-11T17:33:24.796Z] 經濟日報即時: fetched 63 candidate news items
[2026-05-11T17:33:25.380Z] 永豐金證券: fetched 25 candidate news items
[2026-05-11T17:33:25.621Z] FTNN新聞網: fetched 32 candidate news items
[2026-05-11T17:33:25.841Z] TrendForce: fetched 66 candidate news items
[2026-05-11T17:33:25.944Z] 科技新報: fetched 120 candidate news items
[2026-05-11T17:33:26.746Z] CMoney: fetched 6 candidate news items
[2026-05-11T17:33:26.758Z] 科技新報: watched URL fetched - 味之素確認 ABF 漲價開始，外資維持欣興、南電正面評價
[2026-05-11T17:33:26.871Z] 經濟日報: watched URL fetched - 外資：味之素確認 ABF 漲價開始 欣興及南電正面評價不變 | 市場焦點 | 證券 | 經濟日報
[2026-05-11T17:34:08.348Z] Digitimes: fetched 120 candidate news items
[2026-05-11T17:34:09.129Z] 商周: fetched 113 candidate news items
[2026-05-11T17:34:09.555Z] 經濟日報: fetched 66 candidate news items
[2026-05-11T17:34:09.873Z] 經濟日報即時: fetched 63 candidate news items
[2026-05-11T17:34:10.515Z] 永豐金證券: fetched 25 candidate news items
[2026-05-11T17:34:10.699Z] FTNN新聞網: fetched 32 candidate news items
[2026-05-11T17:34:10.973Z] TrendForce: fetched 66 candidate news items
[2026-05-11T17:34:11.101Z] 科技新報: fetched 120 candidate news items
[2026-05-11T17:34:11.515Z] CMoney: fetched 4 candidate news items
[2026-05-11T17:34:11.530Z] 科技新報: watched URL fetched - 味之素確認 ABF 漲價開始，外資維持欣興、南電正面評價
[2026-05-11T17:34:11.645Z] 經濟日報: watched URL fetched - 外資：味之素確認 ABF 漲價開始 欣興及南電正面評價不變 | 市場焦點 | 證券 | 經濟日報
[2026-05-11T17:35:28.595Z] Digitimes: fetched 120 candidate news items
[2026-05-11T17:35:29.282Z] 商周: fetched 113 candidate news items
[2026-05-11T17:35:38.887Z] 經濟日報: fetched 66 candidate news items
[2026-05-11T17:35:45.665Z] 經濟日報即時: fetched 63 candidate news items
[2026-05-11T17:35:46.315Z] 永豐金證券: fetched 25 candidate news items
[2026-05-11T17:35:46.513Z] FTNN新聞網: fetched 32 candidate news items
[2026-05-11T17:35:46.783Z] TrendForce: fetched 66 candidate news items
[2026-05-11T17:35:46.912Z] 科技新報: fetched 120 candidate news items
[2026-05-11T17:35:47.332Z] CMoney: fetched 4 candidate news items
[2026-05-11T17:35:47.347Z] 科技新報: watched URL fetched - 味之素確認 ABF 漲價開始，外資維持欣興、南電正面評價
[2026-05-11T17:35:47.454Z] 經濟日報: watched URL fetched - 外資：味之素確認 ABF 漲價開始 欣興及南電正面評價不變 | 市場焦點 | 證券 | 經濟日報
